// Vitest Snapshot v1, https://vitest.dev/guide/snapshot.html

exports[`should render TotalCategoriesWidget component 1`] = `
{
  "asFragment": [Function],
  "baseElement": <body>
    <div>
      <div
        class="bg-white p-2 rounded-md shadow-lg flex items-center md:w-1/4"
      >
        <div
          class="w-3/4 text-center"
        >
          <div
            class="text-3xl"
          >
            2
          </div>
          <div
            class="mt-2 text-gray-500"
          >
            Total Categories
          </div>
        </div>
        <div
          class="bg-green-700 rounded-full w-[60px] h-[60px] flex justify-center items-center"
        >
          <img
            class="w-[40px] h-[40px]"
            src="/categories-icon.png"
          />
        </div>
      </div>
    </div>
  </body>,
  "container": <div>
    <div
      class="bg-white p-2 rounded-md shadow-lg flex items-center md:w-1/4"
    >
      <div
        class="w-3/4 text-center"
      >
        <div
          class="text-3xl"
        >
          2
        </div>
        <div
          class="mt-2 text-gray-500"
        >
          Total Categories
        </div>
      </div>
      <div
        class="bg-green-700 rounded-full w-[60px] h-[60px] flex justify-center items-center"
      >
        <img
          class="w-[40px] h-[40px]"
          src="/categories-icon.png"
        />
      </div>
    </div>
  </div>,
  "debug": [Function],
  "findAllByAltText": [Function],
  "findAllByDisplayValue": [Function],
  "findAllByLabelText": [Function],
  "findAllByPlaceholderText": [Function],
  "findAllByRole": [Function],
  "findAllByTestId": [Function],
  "findAllByText": [Function],
  "findAllByTitle": [Function],
  "findByAltText": [Function],
  "findByDisplayValue": [Function],
  "findByLabelText": [Function],
  "findByPlaceholderText": [Function],
  "findByRole": [Function],
  "findByTestId": [Function],
  "findByText": [Function],
  "findByTitle": [Function],
  "getAllByAltText": [Function],
  "getAllByDisplayValue": [Function],
  "getAllByLabelText": [Function],
  "getAllByPlaceholderText": [Function],
  "getAllByRole": [Function],
  "getAllByTestId": [Function],
  "getAllByText": [Function],
  "getAllByTitle": [Function],
  "getByAltText": [Function],
  "getByDisplayValue": [Function],
  "getByLabelText": [Function],
  "getByPlaceholderText": [Function],
  "getByRole": [Function],
  "getByTestId": [Function],
  "getByText": [Function],
  "getByTitle": [Function],
  "queryAllByAltText": [Function],
  "queryAllByDisplayValue": [Function],
  "queryAllByLabelText": [Function],
  "queryAllByPlaceholderText": [Function],
  "queryAllByRole": [Function],
  "queryAllByTestId": [Function],
  "queryAllByText": [Function],
  "queryAllByTitle": [Function],
  "queryByAltText": [Function],
  "queryByDisplayValue": [Function],
  "queryByLabelText": [Function],
  "queryByPlaceholderText": [Function],
  "queryByRole": [Function],
  "queryByTestId": [Function],
  "queryByText": [Function],
  "queryByTitle": [Function],
  "rerender": [Function],
  "unmount": [Function],
}
`;
