// Vitest Snapshot v1, https://vitest.dev/guide/snapshot.html

exports[`should render component 1`] = `
{
  "asFragment": [Function],
  "baseElement": <body>
    <div>
      <div
        class="bg-blue-400 p-1 flex items-center"
      >
        <img
          height="50"
          src="/inventory-management.png"
          width="50"
        />
        <h1
          class="text-3xl flex-1 text-center text-blue-950"
        >
          Inventory Management System
        </h1>
      </div>
      <div
        class="md:h-[300px] bg-slate-300 flex"
      >
        <div
          class="w-3/6 p-4 text-center flex flex-col justify-center"
        >
          <h1
            class="md:text-xl lg:text-3xl"
          >
            Effortless Inventory, Seamless Operations—Your Smarter Way to Manage Stock
          </h1>
          <p
            class="md:text-xl pt-4 text-justify"
          >
            Transform the way you manage your inventory with our powerful, easy-to-use system. Gain real-time insights, optimize stock levels, and streamline processes—all in one place. Your path to smarter inventory starts here.
          </p>
        </div>
        <div
          class="w-3/6"
        >
          <img
            class="w-full h-full opacity-75"
            src="/im-1.jpg"
          />
        </div>
      </div>
      <div
        class="md:h-[300px] bg-[url('/im-2.jpg')] bg-cover flex justify-center items-center"
      >
        <div
          class="w-4/6 backdrop-blur-md p-5 rounded-md"
        >
          <h1
            class="text-xl lg:text-3xl text-center"
          >
            Take the First Step Towards Smarter Inventory
          </h1>
          <p
            class="mt-5 text-xl text-justify"
          >
            Discover the tools you need to optimize and grow your business. Whether you're a small startup or an established enterprise, our system adapts to your needs. Try it risk-free today and see the impact it can have on your operations!
          </p>
        </div>
      </div>
      <div
        class="md:h-[300px] bg-[url('/im-3.jpg')] bg-cover flex justify-center items-center"
      >
        <div
          class="w-4/6 backdrop-blur-xl p-5 rounded-md text-white"
        >
          <h1
            class="text-xl lg:text-3xl text-center"
          >
            Seamless Integration
          </h1>
          <p
            class="mt-5 text-xl text-justify"
          >
            Our system works harmoniously with your favorite tools and platforms. Whether it's accounting software, e-commerce platforms, or point-of-sale systems, we've got you covered for a unified workflow.
          </p>
        </div>
      </div>
      <div
        class="md:h-[300px] bg-[url('/im-4.png')] bg-cover flex justify-center items-center"
      >
        <div
          class="w-4/6 backdrop-blur-xl p-5 rounded-md text-white"
        >
          <h1
            class="text-xl lg:text-3xl text-center"
          >
            Boost Your Productivity
          </h1>
          <p
            class="mt-5 text-xl text-justify"
          >
            Spend less time managing inventory and more time growing your business. Our intuitive dashboard, smart alerts, and automation features let you focus on what truly matters.
          </p>
        </div>
      </div>
    </div>
  </body>,
  "container": <div>
    <div
      class="bg-blue-400 p-1 flex items-center"
    >
      <img
        height="50"
        src="/inventory-management.png"
        width="50"
      />
      <h1
        class="text-3xl flex-1 text-center text-blue-950"
      >
        Inventory Management System
      </h1>
    </div>
    <div
      class="md:h-[300px] bg-slate-300 flex"
    >
      <div
        class="w-3/6 p-4 text-center flex flex-col justify-center"
      >
        <h1
          class="md:text-xl lg:text-3xl"
        >
          Effortless Inventory, Seamless Operations—Your Smarter Way to Manage Stock
        </h1>
        <p
          class="md:text-xl pt-4 text-justify"
        >
          Transform the way you manage your inventory with our powerful, easy-to-use system. Gain real-time insights, optimize stock levels, and streamline processes—all in one place. Your path to smarter inventory starts here.
        </p>
      </div>
      <div
        class="w-3/6"
      >
        <img
          class="w-full h-full opacity-75"
          src="/im-1.jpg"
        />
      </div>
    </div>
    <div
      class="md:h-[300px] bg-[url('/im-2.jpg')] bg-cover flex justify-center items-center"
    >
      <div
        class="w-4/6 backdrop-blur-md p-5 rounded-md"
      >
        <h1
          class="text-xl lg:text-3xl text-center"
        >
          Take the First Step Towards Smarter Inventory
        </h1>
        <p
          class="mt-5 text-xl text-justify"
        >
          Discover the tools you need to optimize and grow your business. Whether you're a small startup or an established enterprise, our system adapts to your needs. Try it risk-free today and see the impact it can have on your operations!
        </p>
      </div>
    </div>
    <div
      class="md:h-[300px] bg-[url('/im-3.jpg')] bg-cover flex justify-center items-center"
    >
      <div
        class="w-4/6 backdrop-blur-xl p-5 rounded-md text-white"
      >
        <h1
          class="text-xl lg:text-3xl text-center"
        >
          Seamless Integration
        </h1>
        <p
          class="mt-5 text-xl text-justify"
        >
          Our system works harmoniously with your favorite tools and platforms. Whether it's accounting software, e-commerce platforms, or point-of-sale systems, we've got you covered for a unified workflow.
        </p>
      </div>
    </div>
    <div
      class="md:h-[300px] bg-[url('/im-4.png')] bg-cover flex justify-center items-center"
    >
      <div
        class="w-4/6 backdrop-blur-xl p-5 rounded-md text-white"
      >
        <h1
          class="text-xl lg:text-3xl text-center"
        >
          Boost Your Productivity
        </h1>
        <p
          class="mt-5 text-xl text-justify"
        >
          Spend less time managing inventory and more time growing your business. Our intuitive dashboard, smart alerts, and automation features let you focus on what truly matters.
        </p>
      </div>
    </div>
  </div>,
  "debug": [Function],
  "findAllByAltText": [Function],
  "findAllByDisplayValue": [Function],
  "findAllByLabelText": [Function],
  "findAllByPlaceholderText": [Function],
  "findAllByRole": [Function],
  "findAllByTestId": [Function],
  "findAllByText": [Function],
  "findAllByTitle": [Function],
  "findByAltText": [Function],
  "findByDisplayValue": [Function],
  "findByLabelText": [Function],
  "findByPlaceholderText": [Function],
  "findByRole": [Function],
  "findByTestId": [Function],
  "findByText": [Function],
  "findByTitle": [Function],
  "getAllByAltText": [Function],
  "getAllByDisplayValue": [Function],
  "getAllByLabelText": [Function],
  "getAllByPlaceholderText": [Function],
  "getAllByRole": [Function],
  "getAllByTestId": [Function],
  "getAllByText": [Function],
  "getAllByTitle": [Function],
  "getByAltText": [Function],
  "getByDisplayValue": [Function],
  "getByLabelText": [Function],
  "getByPlaceholderText": [Function],
  "getByRole": [Function],
  "getByTestId": [Function],
  "getByText": [Function],
  "getByTitle": [Function],
  "queryAllByAltText": [Function],
  "queryAllByDisplayValue": [Function],
  "queryAllByLabelText": [Function],
  "queryAllByPlaceholderText": [Function],
  "queryAllByRole": [Function],
  "queryAllByTestId": [Function],
  "queryAllByText": [Function],
  "queryAllByTitle": [Function],
  "queryByAltText": [Function],
  "queryByDisplayValue": [Function],
  "queryByLabelText": [Function],
  "queryByPlaceholderText": [Function],
  "queryByRole": [Function],
  "queryByTestId": [Function],
  "queryByText": [Function],
  "queryByTitle": [Function],
  "rerender": [Function],
  "unmount": [Function],
}
`;
